// Jest Snapshot v1, https://goo.gl/fbAQLP

exports[`App snapshot renders 1`] = `
<div>
  <div>
    <h1
      className="logo"
    >
      Smart Portfolio
    </h1>
    <div>
      <button
        className="googleSpace btn btn-primary"
        disabled={false}
        onClick={[Function]}
        type="button"
      >
        <svg
          aria-hidden="true"
          className="svg-inline--fa fa-google fa-w-16 "
          data-icon="google"
          data-prefix="fab"
          focusable="false"
          role="img"
          style={Object {}}
          viewBox="0 0 488 512"
          xmlns="http://www.w3.org/2000/svg"
        >
          <path
            d="M488 261.8C488 403.3 391.1 504 248 504 110.8 504 0 393.2 0 256S110.8 8 248 8c66.8 0 123 24.5 166.3 64.9l-67.5 64.9C258.5 52.6 94.3 116.6 94.3 256c0 86.5 69.1 156.6 153.7 156.6 98.2 0 135-70.4 140.8-106.9H248v-85.3h236.1c2.3 12.7 3.9 24.9 3.9 41.4z"
            fill="currentColor"
            style={Object {}}
          />
        </svg>
            Login with Google
      </button>
      <div>
        <a
          href="/Login"
          onClick={[Function]}
        >
          <button
            className="space btn btn-outline-info"
            disabled={false}
            type="button"
          >
            Smart Portfolio Login
          </button>
        </a>
        <a
          href="/signup"
          onClick={[Function]}
        >
          <button
            className="space btn btn-outline-info"
            disabled={false}
            type="button"
          >
            Smart Portfolio Signup
          </button>
        </a>
      </div>
    </div>
  </div>
</div>
`;

exports[`LandingPage snapshot renders 1`] = `
<div>
  <h1
    className="logo"
  >
    Smart Portfolio
  </h1>
  <div>
    <button
      className="googleSpace btn btn-primary"
      disabled={false}
      onClick={[Function]}
      type="button"
    >
      <svg
        aria-hidden="true"
        className="svg-inline--fa fa-google fa-w-16 "
        data-icon="google"
        data-prefix="fab"
        focusable="false"
        role="img"
        style={Object {}}
        viewBox="0 0 488 512"
        xmlns="http://www.w3.org/2000/svg"
      >
        <path
          d="M488 261.8C488 403.3 391.1 504 248 504 110.8 504 0 393.2 0 256S110.8 8 248 8c66.8 0 123 24.5 166.3 64.9l-67.5 64.9C258.5 52.6 94.3 116.6 94.3 256c0 86.5 69.1 156.6 153.7 156.6 98.2 0 135-70.4 140.8-106.9H248v-85.3h236.1c2.3 12.7 3.9 24.9 3.9 41.4z"
          fill="currentColor"
          style={Object {}}
        />
      </svg>
          Login with Google
    </button>
    <div>
      <a
        href="/Login"
        onClick={[Function]}
      >
        <button
          className="space btn btn-outline-info"
          disabled={false}
          type="button"
        >
          Smart Portfolio Login
        </button>
      </a>
      <a
        href="/signup"
        onClick={[Function]}
      >
        <button
          className="space btn btn-outline-info"
          disabled={false}
          type="button"
        >
          Smart Portfolio Signup
        </button>
      </a>
    </div>
  </div>
</div>
`;
